
[TestDefaultHandler/go1.21.3/hide-no-tests=true - 1]

---

[TestDefaultHandler/go1.21.3/hide-no-tests=false - 1]
?    github.com/wagoodman/canopy/cmd/canopy/cli/options                                                                                                     [no test files]
?    github.com/wagoodman/canopy/cmd/canopy/cli/options/xflagset                                                                                            [no test files]

---

[TestDefaultPackage/failing_package - 1]
--- FAIL: TestAddNested (0.00s)
    sum_test.go:39: fail anyway!
--- FAIL: TestAddNestedLoop (0.00s)
--- FAIL: TestAddFailingSubtest (0.20s)
    --- FAIL: TestAddFailingSubtest/Test_weird_numbers_(oops) (0.10s)
        --- FAIL: TestAddFailingSubtest/Test_weird_numbers_(oops)/offset=1 (0.00s)
            sum_test.go:117: Expected 37 but got 3
        --- FAIL: TestAddFailingSubtest/Test_weird_numbers_(oops)/offset=2 (0.00s)
            sum_test.go:117: Expected 37 but got 4
        --- FAIL: TestAddFailingSubtest/Test_weird_numbers_(oops)/offset=3 (0.00s)
            sum_test.go:117: Expected 37 but got 5
FAIL 
FAIL github.com/wagoodman/canopy/internal/test-fixtures/weird.d                                                                                             0.670s

---

[TestDefaultPackage/passing_package - 1]
ok   github.com/wagoodman/canopy/cmd/canopy/internal/gotest                                                                                                 (cached)

---

[TestDefaultPackage/panic_package - 1]
--- FAIL: TestPanic (0.00s)
    panic_test.go:13: panic test func
    --- FAIL: TestPanic/sub-test (0.00s)
        panic_test.go:15: panic test case
panic: err, woops? [recovered]
    panic: err, woops?
goroutine 9 [running]:
testing.tRunner.func1.2({0x1042f0f80, 0x104317c88})
    /Users/wagoodman/.local/share/mise/installs/go/1.21.1/go/src/testing/testing.go:1545 +0x1c8
testing.tRunner.func1()
    /Users/wagoodman/.local/share/mise/installs/go/1.21.1/go/src/testing/testing.go:1548 +0x360
panic({0x1042f0f80?, 0x104317c88?})
    /Users/wagoodman/.local/share/mise/installs/go/1.21.1/go/src/runtime/panic.go:914 +0x218
github.com/wagoodman/canopy/internal/test-fixtures/panic.TestPanic.func1(0x0?)
    /Users/wagoodman/code/canopy/internal/test-fixtures/panic/panic_test.go:17 +0x5c
testing.tRunner(0x1400012e340, 0x1043174e8)
    /Users/wagoodman/.local/share/mise/installs/go/1.21.1/go/src/testing/testing.go:1595 +0xe8
created by testing.(*T).Run in goroutine 8
     /Users/wagoodman/.local/share/mise/installs/go/1.21.1/go/src/testing/testing.go:1648 +0x33c
FAIL github.com/wagoodman/canopy/internal/test-fixtures/panic                                                                                               0.486s

---
