
[TestVerboseHandler/go1.21.3/hide-no-tests=true - 1]

---

[TestVerboseHandler/go1.21.3/hide-no-tests=false - 1]
?    github.com/wagoodman/canopy/cmd/canopy/cli/options                                                                                                     [no test files]
?    github.com/wagoodman/canopy/cmd/canopy/cli/options/xflagset                                                                                            [no test files]

---

[TestVerbosePackage/failing_package - 1]
=== RUN   TestAddNested
=== RUN   TestAddNested/Test_positive_numbers
    sum_test.go:28: this is an exciting log message for "Test positive numbers"
=== RUN   TestAddNested/Test_positive_numbers/nested-something
=== RUN   TestAddNested/Test_negative_numbers
    sum_test.go:28: this is an exciting log message for "Test negative numbers"
=== RUN   TestAddNested/Test_negative_numbers/nested-something
=== RUN   TestAddNested/Test_zero
    sum_test.go:28: this is an exciting log message for "Test zero"
=== RUN   TestAddNested/Test_zero/nested-something
═══ NAME  TestAddNested
    sum_test.go:39: fail anyway!
─── FAIL  TestAddNested (0.00s)
    ─── PASS  TestAddNested/Test_positive_numbers (0.00s)
        ─── PASS  TestAddNested/Test_positive_numbers/nested-something (0.00s)
    ─── PASS  TestAddNested/Test_negative_numbers (0.00s)
        ─── PASS  TestAddNested/Test_negative_numbers/nested-something (0.00s)
    ─── PASS  TestAddNested/Test_zero (0.00s)
        ─── PASS  TestAddNested/Test_zero/nested-something (0.00s)
=== RUN   TestDuplicateStructure
=== RUN   TestDuplicateStructure/test/something
=== RUN   TestDuplicateStructure/test
=== RUN   TestDuplicateStructure/test/something#01
─── PASS  TestDuplicateStructure (0.00s)
    ─── PASS  TestDuplicateStructure/test/something (0.00s)
    ─── PASS  TestDuplicateStructure/test (0.00s)
        ─── PASS  TestDuplicateStructure/test/something#01 (0.00s)
=== RUN   TestAddNestedLoop
=== RUN   TestAddNestedLoop/Test_positive_numbers
=== RUN   TestAddNestedLoop/Test_positive_numbers/offset=1
=== RUN   TestAddNestedLoop/Test_positive_numbers/offset=2
=== RUN   TestAddNestedLoop/Test_positive_numbers/offset=3
=== RUN   TestAddNestedLoop/Test_negative_numbers
=== RUN   TestAddNestedLoop/Test_negative_numbers/offset=1
=== RUN   TestAddNestedLoop/Test_negative_numbers/offset=2
=== RUN   TestAddNestedLoop/Test_negative_numbers/offset=3
=== RUN   TestAddNestedLoop/Test_zero
=== RUN   TestAddNestedLoop/Test_zero/offset=1
=== RUN   TestAddNestedLoop/Test_zero/offset=2
=== RUN   TestAddNestedLoop/Test_zero/offset=3
─── FAIL  TestAddNestedLoop (0.00s)
    ─── PASS  TestAddNestedLoop/Test_positive_numbers (0.00s)
        ─── PASS  TestAddNestedLoop/Test_positive_numbers/offset=1 (0.00s)
        ─── PASS  TestAddNestedLoop/Test_positive_numbers/offset=2 (0.00s)
        ─── PASS  TestAddNestedLoop/Test_positive_numbers/offset=3 (0.00s)
    ─── PASS  TestAddNestedLoop/Test_negative_numbers (0.00s)
        ─── PASS  TestAddNestedLoop/Test_negative_numbers/offset=1 (0.00s)
        ─── PASS  TestAddNestedLoop/Test_negative_numbers/offset=2 (0.00s)
        ─── PASS  TestAddNestedLoop/Test_negative_numbers/offset=3 (0.00s)
    ─── PASS  TestAddNestedLoop/Test_zero (0.00s)
        ─── PASS  TestAddNestedLoop/Test_zero/offset=1 (0.00s)
        ─── PASS  TestAddNestedLoop/Test_zero/offset=2 (0.00s)
        ─── PASS  TestAddNestedLoop/Test_zero/offset=3 (0.00s)
=== RUN   TestAddFailingSubtest
=== RUN   TestAddFailingSubtest/Test_normal_numbers
=== RUN   TestAddFailingSubtest/Test_normal_numbers/offset=1
=== RUN   TestAddFailingSubtest/Test_normal_numbers/offset=2
=== RUN   TestAddFailingSubtest/Test_normal_numbers/offset=3
=== RUN   TestAddFailingSubtest/Test_weird_numbers_(oops)
=== RUN   TestAddFailingSubtest/Test_weird_numbers_(oops)/offset=1
    sum_test.go:117: Expected 37 but got 3
=== RUN   TestAddFailingSubtest/Test_weird_numbers_(oops)/offset=2
    sum_test.go:117: Expected 37 but got 4
=== RUN   TestAddFailingSubtest/Test_weird_numbers_(oops)/offset=3
    sum_test.go:117: Expected 37 but got 5
─── FAIL  TestAddFailingSubtest (0.20s)
    ─── PASS  TestAddFailingSubtest/Test_normal_numbers (0.10s)
        ─── PASS  TestAddFailingSubtest/Test_normal_numbers/offset=1 (0.00s)
        ─── PASS  TestAddFailingSubtest/Test_normal_numbers/offset=2 (0.00s)
        ─── PASS  TestAddFailingSubtest/Test_normal_numbers/offset=3 (0.00s)
    ─── FAIL  TestAddFailingSubtest/Test_weird_numbers_(oops) (0.10s)
        ─── FAIL  TestAddFailingSubtest/Test_weird_numbers_(oops)/offset=1 (0.00s)
        ─── FAIL  TestAddFailingSubtest/Test_weird_numbers_(oops)/offset=2 (0.00s)
        ─── FAIL  TestAddFailingSubtest/Test_weird_numbers_(oops)/offset=3 (0.00s)
FAIL 
FAIL github.com/wagoodman/canopy/internal/test-fixtures/weird.d                                                                                             0.587s

---

[TestVerbosePackage/passing_package - 1]
=== RUN   TestFindDefinitions
=== RUN   TestFindDefinitions/struct_literal_with_name_field_supplied_to_t.Run
=== RUN   TestFindDefinitions/struct_literal_with_NO_name_field_and_NO_t.Run
=== RUN   TestFindDefinitions/struct_literal_embedded_in_range_with_name_field_supplied_to_t.Run
=== RUN   TestFindDefinitions/loop_variable_out_of_scope_while_looking_for_t.Run
─── PASS  TestFindDefinitions (0.00s)
    ─── PASS  TestFindDefinitions/struct_literal_with_name_field_supplied_to_t.Run (0.00s)
    ─── PASS  TestFindDefinitions/struct_literal_with_NO_name_field_and_NO_t.Run (0.00s)
    ─── PASS  TestFindDefinitions/struct_literal_embedded_in_range_with_name_field_supplied_to_t.Run (0.00s)
    ─── PASS  TestFindDefinitions/loop_variable_out_of_scope_while_looking_for_t.Run (0.00s)
=== RUN   Test_matcher_unique
=== RUN   Test_matcher_unique/#00
=== RUN   Test_matcher_unique/#01
=== RUN   Test_matcher_unique/#0
=== RUN   Test_matcher_unique/#
=== RUN   Test_matcher_unique/##01
=== RUN   Test_matcher_unique/t
=== RUN   Test_matcher_unique/t#01
=== RUN   Test_matcher_unique/t#02
=== RUN   Test_matcher_unique/t#00
=== RUN   Test_matcher_unique/a#01
=== RUN   Test_matcher_unique/a
=== RUN   Test_matcher_unique/a#02
=== RUN   Test_matcher_unique/a#03
=== RUN   Test_matcher_unique/a#02#01
=== RUN   Test_matcher_unique/b#00
=== RUN   Test_matcher_unique/b
=== RUN   Test_matcher_unique/b#01
=== RUN   Test_matcher_unique/b#9223372036854775807
=== RUN   Test_matcher_unique/b#02
=== RUN   Test_matcher_unique/b#03
─── PASS  Test_matcher_unique (0.00s)
    ─── PASS  Test_matcher_unique/#00 (0.00s)
    ─── PASS  Test_matcher_unique/#01 (0.00s)
    ─── PASS  Test_matcher_unique/#0 (0.00s)
    ─── PASS  Test_matcher_unique/# (0.00s)
    ─── PASS  Test_matcher_unique/##01 (0.00s)
    ─── PASS  Test_matcher_unique/t (0.00s)
    ─── PASS  Test_matcher_unique/t#01 (0.00s)
    ─── PASS  Test_matcher_unique/t#02 (0.00s)
    ─── PASS  Test_matcher_unique/t#00 (0.00s)
    ─── PASS  Test_matcher_unique/a#01 (0.00s)
    ─── PASS  Test_matcher_unique/a (0.00s)
    ─── PASS  Test_matcher_unique/a#02 (0.00s)
    ─── PASS  Test_matcher_unique/a#03 (0.00s)
    ─── PASS  Test_matcher_unique/a#02#01 (0.00s)
    ─── PASS  Test_matcher_unique/b#00 (0.00s)
    ─── PASS  Test_matcher_unique/b (0.00s)
    ─── PASS  Test_matcher_unique/b#01 (0.00s)
    ─── PASS  Test_matcher_unique/b#9223372036854775807 (0.00s)
    ─── PASS  Test_matcher_unique/b#02 (0.00s)
    ─── PASS  Test_matcher_unique/b#03 (0.00s)
=== RUN   TestReference_String
=== RUN   TestReference_String/package_only
=== RUN   TestReference_String/package_and_test_function
=== RUN   TestReference_String/package,_test_function,_and_test_name
=== RUN   TestReference_String/package,_test_function,_and_test_+_sub-test_name
=== RUN   TestReference_String/package,_test_function,_and_test_name_(w/_clean)
=== RUN   TestReference_String/package,_test_function,_and_test_+_sub-test_name_(w/_clean)
─── PASS  TestReference_String (0.00s)
    ─── PASS  TestReference_String/package_only (0.00s)
    ─── PASS  TestReference_String/package_and_test_function (0.00s)
    ─── PASS  TestReference_String/package,_test_function,_and_test_name (0.00s)
    ─── PASS  TestReference_String/package,_test_function,_and_test_+_sub-test_name (0.00s)
    ─── PASS  TestReference_String/package,_test_function,_and_test_name_(w/_clean) (0.00s)
    ─── PASS  TestReference_String/package,_test_function,_and_test_+_sub-test_name_(w/_clean) (0.00s)
=== RUN   TestReference_Parent
=== RUN   TestReference_Parent/package_only
=== RUN   TestReference_Parent/package_and_test_function
=== RUN   TestReference_Parent/package,_test_function,_and_test_name
=== RUN   TestReference_Parent/package,_test_function,_and_test_+_sub-test_name
─── PASS  TestReference_Parent (0.00s)
    ─── PASS  TestReference_Parent/package_only (0.00s)
    ─── PASS  TestReference_Parent/package_and_test_function (0.00s)
    ─── PASS  TestReference_Parent/package,_test_function,_and_test_name (0.00s)
    ─── PASS  TestReference_Parent/package,_test_function,_and_test_+_sub-test_name (0.00s)
=== RUN   TestReference_rewriteTestName
=== RUN   TestReference_rewriteTestName/package_only
=== RUN   TestReference_rewriteTestName/package_only/sub_test
=== RUN   TestReference_rewriteTestName/with_all_sorts_of_wrenches_{!@#$%^&*`\_~-|_"'*_:;(/)[]?<+>.}
─── PASS  TestReference_rewriteTestName (0.00s)
    ─── PASS  TestReference_rewriteTestName/package_only (0.00s)
    ─── PASS  TestReference_rewriteTestName/package_only/sub_test (0.00s)
    ─── PASS  TestReference_rewriteTestName/with_all_sorts_of_wrenches_{!@#$%^&*`\_~-|_"'*_:;(/)[]?<+>.} (0.00s)
=== RUN   Test_dfsTreeIterator_Next
=== RUN   Test_dfsTreeIterator_Next/empty_tree
=== RUN   Test_dfsTreeIterator_Next/single_node
=== RUN   Test_dfsTreeIterator_Next/single_test
=== RUN   Test_dfsTreeIterator_Next/single_case
=== RUN   Test_dfsTreeIterator_Next/multiple_cases
=== RUN   Test_dfsTreeIterator_Next/duplicate_case
=== RUN   Test_dfsTreeIterator_Next/many_cases
─── PASS  Test_dfsTreeIterator_Next (0.00s)
    ─── PASS  Test_dfsTreeIterator_Next/empty_tree (0.00s)
    ─── PASS  Test_dfsTreeIterator_Next/single_node (0.00s)
    ─── PASS  Test_dfsTreeIterator_Next/single_test (0.00s)
    ─── PASS  Test_dfsTreeIterator_Next/single_case (0.00s)
    ─── PASS  Test_dfsTreeIterator_Next/multiple_cases (0.00s)
    ─── PASS  Test_dfsTreeIterator_Next/duplicate_case (0.00s)
    ─── PASS  Test_dfsTreeIterator_Next/many_cases (0.00s)
PASS 
ok   github.com/wagoodman/canopy/cmd/canopy/internal/gotest                                                                                                 (cached)

---

[TestVerbosePackage/panic_package - 1]
=== RUN   TestBeforePanic
=== RUN   TestBeforePanic/sub-test
    panic_test.go:7: test before panic
─── PASS  TestBeforePanic (0.00s)
    ─── PASS  TestBeforePanic/sub-test (0.00s)
=== RUN   TestPanic
    panic_test.go:13: panic test func
=== RUN   TestPanic/sub-test
    panic_test.go:15: panic test case
─── FAIL  TestPanic (0.00s)
    ─── FAIL  TestPanic/sub-test (0.00s)
░ panic  err, woops? [recovered]
░    panic: err, woops?
░ 
░ goroutine 37 [running]:
░ testing.tRunner.func1.2({0x1030f0f80, 0x103117c88})
░     /Users/wagoodman/.local/share/mise/installs/go/1.21.1/go/src/testing/testing.go:1545 +0x1c8
░ testing.tRunner.func1()
░     /Users/wagoodman/.local/share/mise/installs/go/1.21.1/go/src/testing/testing.go:1548 +0x360
░ panic({0x1030f0f80?, 0x103117c88?})
░     /Users/wagoodman/.local/share/mise/installs/go/1.21.1/go/src/runtime/panic.go:914 +0x218
░ github.com/wagoodman/canopy/internal/test-fixtures/panic.TestPanic.func1(0x0?)
░     /Users/wagoodman/code/canopy/internal/test-fixtures/panic/panic_test.go:17 +0x5c
░ testing.tRunner(0x14000123040, 0x1031174e8)
░     /Users/wagoodman/.local/share/mise/installs/go/1.21.1/go/src/testing/testing.go:1595 +0xe8
░ created by testing.(*T).Run in goroutine 36
░     /Users/wagoodman/.local/share/mise/installs/go/1.21.1/go/src/testing/testing.go:1648 +0x33c
FAIL github.com/wagoodman/canopy/internal/test-fixtures/panic                                                                                               0.550s

---
